// Jest Snapshot v1, https://goo.gl/fbAQLP

exports[`App Renders Metric Componet 1`] = `
<button
  className="link metric"
  onClick={[Function]}
  style={
    Object {
      "backgroundImage": "url(images/map.png)",
    }
  }
  type="button"
>
  <div>
    <h4>
      2022-03-10
    </h4>
    <p>
      120
       
      Cases
    </p>
  </div>
</button>
`;

exports[`Renders Country Renders Country Componet 1`] = `
<button
  className="link metric"
  onClick={[Function]}
  style={
    Object {
      "backgroundImage": "url(images/map.png)",
    }
  }
  type="button"
>
  <div>
    <h4>
      2022-03-10
    </h4>
    <p>
      120
       
      Cases
    </p>
  </div>
</button>
`;

exports[`Renders Country Renders Metric Componet 1`] = `
<button
  className="link metric"
  onClick={[Function]}
  style={
    Object {
      "backgroundImage": "url(images/map.png)",
    }
  }
  type="button"
>
  <div>
    <h4>
      2022-03-10
    </h4>
    <p>
      120
       
      Cases
    </p>
  </div>
</button>
`;

exports[`Renders Metric Renders Metric Componet 1`] = `
<button
  className="link metric"
  onClick={[Function]}
  style={
    Object {
      "backgroundImage": "url(images/map.png)",
    }
  }
  type="button"
>
  <div>
    <h4>
      2022-03-10
    </h4>
    <p>
      120
       
      Cases
    </p>
  </div>
</button>
`;

exports[`Renders Metric Renders Metric Componet 2`] = `
<button
  className="link metric"
  onClick={[Function]}
  style={
    Object {
      "backgroundImage": "url(images/map.png)",
    }
  }
  type="button"
>
  <div>
    <h4>
      2022-03-10
    </h4>
    <p>
      120
       
      Cases
    </p>
  </div>
</button>
`;
